// Jest Snapshot v1, https://goo.gl/fbAQLP

exports[`App snapshot test 1`] = `
<body>
  <div>
    <div
      class="app-container"
    >
      <div
        class="todo-list-container"
      >
        <ul>
          <li>
            <label
              class="complete"
            >
              <input
                checked=""
                type="checkbox"
              />
              Walk the dog
            </label>
          </li>
          <li>
            <label>
              <input
                type="checkbox"
              />
              Make app
            </label>
          </li>
        </ul>
      </div>
      <div
        class="add-form-container"
      >
        <div
          class="textfield"
        >
          <input
            data-testid="new-todo-textbox"
            placeholder="I need to do..."
            type="text"
            value=""
          />
        </div>
        <div
          class="button"
        >
          <button>
            Add
          </button>
        </div>
      </div>
    </div>
  </div>
</body>
`;
